03:22:47 **** Incremental Build of configuration Debug for project snn_dma_app ****
make all 
make --no-print-directory pre-build
a9-linaro-pre-build-step
' '
make --no-print-directory main-build
'Building file: ../src/main.c'
'Invoking: ARM v7 gcc compiler'
arm-none-eabi-gcc -Wall -O0 -g3 -c -fmessage-length=0 -MT"src/main.o" -mcpu=cortex-a9 -mfpu=vfpv3 -mfloat-abi=hard -IC:/snn_1206/snn_plat/export/snn_plat/sw/snn_plat/standalone_domain/bspinclude/include -MMD -MP -MF"src/main.d" -MT"src/main.o" -o "src/main.o" "../src/main.c"
'Finished building: ../src/main.c'
' '
'Building target: snn_dma_app.elf'
'Invoking: ARM v7 gcc linker'
arm-none-eabi-gcc -mcpu=cortex-a9 -mfpu=vfpv3 -mfloat-abi=hard -Wl,-build-id=none -specs=Xilinx.spec -Wl,-T -Wl,../src/lscript.ld -LC:/snn_1206/snn_plat/export/snn_plat/sw/snn_plat/standalone_domain/bsplib/lib -o "snn_dma_app.elf"  ./src/main.o ./src/platform.o   -Wl,--start-group,-lxil,-lgcc,-lc,--end-group
'Finished building target: snn_dma_app.elf'
' '
'Invoking: ARM v7 Print Size'
arm-none-eabi-size snn_dma_app.elf  |tee "snn_dma_app.elf.size"
   text	   data	    bss	    dec	    hex	filename
  44492	   2664	  31616	  78772	  133b4	snn_dma_app.elf
'Finished building: snn_dma_app.elf.size'
' '

03:22:49 Build Finished (took 2s.960ms)

