

================================================================
== Vivado HLS Report for 'snn_core_fc_last'
================================================================
* Date:           Mon Dec  8 17:42:24 2025

* Version:        2019.2 (Build 2704478 on Wed Nov 06 22:10:23 MST 2019)
* Project:        snn_ip
* Solution:       solution1
* Product family: zynq
* Target device:  xc7z020-clg484-1


================================================================
== Performance Estimates
================================================================
+ Timing: 
    * Summary: 
    +--------+----------+-----------+------------+
    |  Clock |  Target  | Estimated | Uncertainty|
    +--------+----------+-----------+------------+
    |ap_clk  | 10.00 ns | 12.538 ns |   1.25 ns  |
    +--------+----------+-----------+------------+

+ Latency: 
    * Summary: 
    +---------+---------+----------+----------+-------+-------+---------+
    |  Latency (cycles) |  Latency (absolute) |    Interval   | Pipeline|
    |   min   |   max   |    min   |    max   |  min  |  max  |   Type  |
    +---------+---------+----------+----------+-------+-------+---------+
    |    28416|    28416| 0.356 ms | 0.356 ms |  28416|  28416|   none  |
    +---------+---------+----------+----------+-------+-------+---------+

    + Detail: 
        * Instance: 
        N/A

        * Loop: 
        +-----------------+---------+---------+----------+-----------+-----------+------+----------+
        |                 |  Latency (cycles) | Iteration|  Initiation Interval  | Trip |          |
        |    Loop Name    |   min   |   max   |  Latency |  achieved |   target  | Count| Pipelined|
        +-----------------+---------+---------+----------+-----------+-----------+------+----------+
        |- INIT_STATE     |       10|       10|         1|          1|          1|    10|    yes   |
        |- TIMESTEP_LOOP  |    28390|    28390|      2839|          -|          -|    10|    no    |
        | + READ_SPIKES   |      256|      256|         1|          1|          1|   256|    yes   |
        | + OUT_LOOP      |     2450|     2450|      1299|        128|          4|    10|    yes   |
        |- ARGMAX_LOOP    |       10|       10|         3|          1|          1|     9|    yes   |
        +-----------------+---------+---------+----------+-----------+-----------+------+----------+



================================================================
== Utilization Estimates
================================================================
* Summary: 
+-----------------+---------+-------+--------+-------+-----+
|       Name      | BRAM_18K| DSP48E|   FF   |  LUT  | URAM|
+-----------------+---------+-------+--------+-------+-----+
|DSP              |        -|      -|       -|      -|    -|
|Expression       |        -|      -|       0|   3450|    -|
|FIFO             |        -|      -|       -|      -|    -|
|Instance         |        -|     15|    1110|   2372|    -|
|Memory           |       10|      -|     128|     10|    0|
|Multiplexer      |        -|      -|       -|   6262|    -|
|Register         |        0|      -|   31413|   6528|    -|
+-----------------+---------+-------+--------+-------+-----+
|Total            |       10|     15|   32651|  18622|    0|
+-----------------+---------+-------+--------+-------+-----+
|Available        |      280|    220|  106400|  53200|    0|
+-----------------+---------+-------+--------+-------+-----+
|Utilization (%)  |        3|      6|      30|     35|    0|
+-----------------+---------+-------+--------+-------+-----+

+ Detail: 
    * Instance: 
    +-------------------------+----------------------+---------+-------+-----+-----+-----+
    |         Instance        |        Module        | BRAM_18K| DSP48E|  FF | LUT | URAM|
    +-------------------------+----------------------+---------+-------+-----+-----+-----+
    |snn_ip_fadd_32ns_fYi_U1  |snn_ip_fadd_32ns_fYi  |        0|      2|  205|  390|    0|
    |snn_ip_fadd_32ns_fYi_U2  |snn_ip_fadd_32ns_fYi  |        0|      2|  205|  390|    0|
    |snn_ip_fadd_32ns_fYi_U3  |snn_ip_fadd_32ns_fYi  |        0|      2|  205|  390|    0|
    |snn_ip_fcmp_32ns_hbi_U7  |snn_ip_fcmp_32ns_hbi  |        0|      0|   66|  239|    0|
    |snn_ip_fmul_32ns_g8j_U4  |snn_ip_fmul_32ns_g8j  |        0|      3|  143|  321|    0|
    |snn_ip_fmul_32ns_g8j_U5  |snn_ip_fmul_32ns_g8j  |        0|      3|  143|  321|    0|
    |snn_ip_fmul_32ns_g8j_U6  |snn_ip_fmul_32ns_g8j  |        0|      3|  143|  321|    0|
    +-------------------------+----------------------+---------+-------+-----+-----+-----+
    |Total                    |                      |        0|     15| 1110| 2372|    0|
    +-------------------------+----------------------+---------+-------+-----+-----+-----+

    * DSP48E: 
    N/A

    * Memory: 
    +-----------------------+----------------------+---------+----+----+-----+------+-----+------+-------------+
    |         Memory        |        Module        | BRAM_18K| FF | LUT| URAM| Words| Bits| Banks| W*Bits*Banks|
    +-----------------------+----------------------+---------+----+----+-----+------+-----+------+-------------+
    |classifier_3_weight_U  |snn_core_fc_last_bkb  |        8|   0|   0|    0|  2560|   32|     1|        81920|
    |mem_U                  |snn_core_fc_last_cud  |        0|  64|   5|    0|    10|   32|     1|          320|
    |spike_count_U          |snn_core_fc_last_cud  |        0|  64|   5|    0|    10|   32|     1|          320|
    |spike_in_U             |snn_core_fc_last_eOg  |        2|   0|   0|    0|   256|   32|     1|         8192|
    +-----------------------+----------------------+---------+----+----+-----+------+-----+------+-------------+
    |Total                  |                      |       10| 128|  10|    0|  2836|  128|     4|        90752|
    +-----------------------+----------------------+---------+----+----+-----+------+-----+------+-------------+

    * FIFO: 
    N/A

    * Expression: 
    +-------------------------+----------+-------+---+----+------------+------------+
    |      Variable Name      | Operation| DSP48E| FF| LUT| Bitwidth P0| Bitwidth P1|
    +-------------------------+----------+-------+---+----+------------+------------+
    |i_fu_5342_p2             |     +    |      0|  0|  15|           9|           1|
    |o_1_fu_9047_p2           |     +    |      0|  0|  13|           1|           4|
    |o_2_fu_5382_p2           |     +    |      0|  0|  13|           4|           1|
    |o_fu_5312_p2             |     +    |      0|  0|  13|           4|           1|
    |t_fu_5330_p2             |     +    |      0|  0|  13|           4|           1|
    |and_ln16_fu_9014_p2      |    and   |      0|  0|   2|           1|           1|
    |and_ln90_1_fu_9131_p2    |    and   |      0|  0|   2|           1|           1|
    |and_ln90_fu_9125_p2      |    and   |      0|  0|   2|           1|           1|
    |ap_block_state5          |    and   |      0|  0|   2|           1|           1|
    |icmp_ln16_1_fu_9002_p2   |   icmp   |      0|  0|  18|          23|           1|
    |icmp_ln16_fu_8996_p2     |   icmp   |      0|  0|  11|           8|           2|
    |icmp_ln42_fu_5306_p2     |   icmp   |      0|  0|   9|           4|           4|
    |icmp_ln50_fu_5324_p2     |   icmp   |      0|  0|   9|           4|           4|
    |icmp_ln57_fu_5336_p2     |   icmp   |      0|  0|  13|           9|          10|
    |icmp_ln67_fu_5376_p2     |   icmp   |      0|  0|   9|           4|           4|
    |icmp_ln883_fu_5356_p2    |   icmp   |      0|  0|  11|           8|           1|
    |icmp_ln88_fu_9036_p2     |   icmp   |      0|  0|   9|           4|           4|
    |icmp_ln90_1_fu_9095_p2   |   icmp   |      0|  0|  18|          23|           1|
    |icmp_ln90_2_fu_9101_p2   |   icmp   |      0|  0|  11|           8|           2|
    |icmp_ln90_3_fu_9107_p2   |   icmp   |      0|  0|  18|          23|           1|
    |icmp_ln90_fu_9089_p2     |   icmp   |      0|  0|  11|           8|           2|
    |or_ln16_fu_9008_p2       |    or    |      0|  0|   2|           1|           1|
    |or_ln74_100_fu_6808_p2   |    or    |      0|  0|  12|          12|           7|
    |or_ln74_101_fu_6822_p2   |    or    |      0|  0|  12|          12|           7|
    |or_ln74_102_fu_6836_p2   |    or    |      0|  0|  12|          12|           7|
    |or_ln74_103_fu_6850_p2   |    or    |      0|  0|  12|          12|           7|
    |or_ln74_104_fu_6864_p2   |    or    |      0|  0|  12|          12|           7|
    |or_ln74_105_fu_6878_p2   |    or    |      0|  0|  12|          12|           7|
    |or_ln74_106_fu_6892_p2   |    or    |      0|  0|  12|          12|           7|
    |or_ln74_107_fu_6906_p2   |    or    |      0|  0|  12|          12|           7|
    |or_ln74_108_fu_6920_p2   |    or    |      0|  0|  12|          12|           7|
    |or_ln74_109_fu_6934_p2   |    or    |      0|  0|  12|          12|           7|
    |or_ln74_10_fu_5548_p2    |    or    |      0|  0|  12|          12|           4|
    |or_ln74_110_fu_6948_p2   |    or    |      0|  0|  12|          12|           7|
    |or_ln74_111_fu_6962_p2   |    or    |      0|  0|  12|          12|           7|
    |or_ln74_112_fu_6976_p2   |    or    |      0|  0|  12|          12|           7|
    |or_ln74_113_fu_6990_p2   |    or    |      0|  0|  12|          12|           7|
    |or_ln74_114_fu_7004_p2   |    or    |      0|  0|  12|          12|           7|
    |or_ln74_115_fu_7018_p2   |    or    |      0|  0|  12|          12|           7|
    |or_ln74_116_fu_7032_p2   |    or    |      0|  0|  12|          12|           7|
    |or_ln74_117_fu_7046_p2   |    or    |      0|  0|  12|          12|           7|
    |or_ln74_118_fu_7060_p2   |    or    |      0|  0|  12|          12|           7|
    |or_ln74_119_fu_7074_p2   |    or    |      0|  0|  12|          12|           7|
    |or_ln74_11_fu_5562_p2    |    or    |      0|  0|  12|          12|           4|
    |or_ln74_120_fu_7088_p2   |    or    |      0|  0|  12|          12|           7|
    |or_ln74_121_fu_7102_p2   |    or    |      0|  0|  12|          12|           7|
    |or_ln74_122_fu_7116_p2   |    or    |      0|  0|  12|          12|           7|
    |or_ln74_123_fu_7130_p2   |    or    |      0|  0|  12|          12|           7|
    |or_ln74_124_fu_7144_p2   |    or    |      0|  0|  12|          12|           7|
    |or_ln74_125_fu_7158_p2   |    or    |      0|  0|  12|          12|           7|
    |or_ln74_126_fu_7172_p2   |    or    |      0|  0|  12|          12|           7|
    |or_ln74_127_fu_7186_p2   |    or    |      0|  0|  12|          12|           8|
    |or_ln74_128_fu_7200_p2   |    or    |      0|  0|  12|          12|           8|
    |or_ln74_129_fu_7214_p2   |    or    |      0|  0|  12|          12|           8|
    |or_ln74_12_fu_5576_p2    |    or    |      0|  0|  12|          12|           4|
    |or_ln74_130_fu_7228_p2   |    or    |      0|  0|  12|          12|           8|
    |or_ln74_131_fu_7242_p2   |    or    |      0|  0|  12|          12|           8|
    |or_ln74_132_fu_7256_p2   |    or    |      0|  0|  12|          12|           8|
    |or_ln74_133_fu_7270_p2   |    or    |      0|  0|  12|          12|           8|
    |or_ln74_134_fu_7284_p2   |    or    |      0|  0|  12|          12|           8|
    |or_ln74_135_fu_7298_p2   |    or    |      0|  0|  12|          12|           8|
    |or_ln74_136_fu_7312_p2   |    or    |      0|  0|  12|          12|           8|
    |or_ln74_137_fu_7326_p2   |    or    |      0|  0|  12|          12|           8|
    |or_ln74_138_fu_7340_p2   |    or    |      0|  0|  12|          12|           8|
    |or_ln74_139_fu_7354_p2   |    or    |      0|  0|  12|          12|           8|
    |or_ln74_13_fu_5590_p2    |    or    |      0|  0|  12|          12|           4|
    |or_ln74_140_fu_7368_p2   |    or    |      0|  0|  12|          12|           8|
    |or_ln74_141_fu_7382_p2   |    or    |      0|  0|  12|          12|           8|
    |or_ln74_142_fu_7396_p2   |    or    |      0|  0|  12|          12|           8|
    |or_ln74_143_fu_7410_p2   |    or    |      0|  0|  12|          12|           8|
    |or_ln74_144_fu_7424_p2   |    or    |      0|  0|  12|          12|           8|
    |or_ln74_145_fu_7438_p2   |    or    |      0|  0|  12|          12|           8|
    |or_ln74_146_fu_7452_p2   |    or    |      0|  0|  12|          12|           8|
    |or_ln74_147_fu_7466_p2   |    or    |      0|  0|  12|          12|           8|
    |or_ln74_148_fu_7480_p2   |    or    |      0|  0|  12|          12|           8|
    |or_ln74_149_fu_7494_p2   |    or    |      0|  0|  12|          12|           8|
    |or_ln74_14_fu_5604_p2    |    or    |      0|  0|  12|          12|           4|
    |or_ln74_150_fu_7508_p2   |    or    |      0|  0|  12|          12|           8|
    |or_ln74_151_fu_7522_p2   |    or    |      0|  0|  12|          12|           8|
    |or_ln74_152_fu_7536_p2   |    or    |      0|  0|  12|          12|           8|
    |or_ln74_153_fu_7550_p2   |    or    |      0|  0|  12|          12|           8|
    |or_ln74_154_fu_7564_p2   |    or    |      0|  0|  12|          12|           8|
    |or_ln74_155_fu_7578_p2   |    or    |      0|  0|  12|          12|           8|
    |or_ln74_156_fu_7592_p2   |    or    |      0|  0|  12|          12|           8|
    |or_ln74_157_fu_7606_p2   |    or    |      0|  0|  12|          12|           8|
    |or_ln74_158_fu_7620_p2   |    or    |      0|  0|  12|          12|           8|
    |or_ln74_159_fu_7634_p2   |    or    |      0|  0|  12|          12|           8|
    |or_ln74_15_fu_5618_p2    |    or    |      0|  0|  12|          12|           5|
    |or_ln74_160_fu_7648_p2   |    or    |      0|  0|  12|          12|           8|
    |or_ln74_161_fu_7662_p2   |    or    |      0|  0|  12|          12|           8|
    |or_ln74_162_fu_7676_p2   |    or    |      0|  0|  12|          12|           8|
    |or_ln74_163_fu_7690_p2   |    or    |      0|  0|  12|          12|           8|
    |or_ln74_164_fu_7704_p2   |    or    |      0|  0|  12|          12|           8|
    |or_ln74_165_fu_7718_p2   |    or    |      0|  0|  12|          12|           8|
    |or_ln74_166_fu_7732_p2   |    or    |      0|  0|  12|          12|           8|
    |or_ln74_167_fu_7746_p2   |    or    |      0|  0|  12|          12|           8|
    |or_ln74_168_fu_7760_p2   |    or    |      0|  0|  12|          12|           8|
    |or_ln74_169_fu_7774_p2   |    or    |      0|  0|  12|          12|           8|
    |or_ln74_16_fu_5632_p2    |    or    |      0|  0|  12|          12|           5|
    |or_ln74_170_fu_7788_p2   |    or    |      0|  0|  12|          12|           8|
    |or_ln74_171_fu_7802_p2   |    or    |      0|  0|  12|          12|           8|
    |or_ln74_172_fu_7816_p2   |    or    |      0|  0|  12|          12|           8|
    |or_ln74_173_fu_7830_p2   |    or    |      0|  0|  12|          12|           8|
    |or_ln74_174_fu_7844_p2   |    or    |      0|  0|  12|          12|           8|
    |or_ln74_175_fu_7858_p2   |    or    |      0|  0|  12|          12|           8|
    |or_ln74_176_fu_7872_p2   |    or    |      0|  0|  12|          12|           8|
    |or_ln74_177_fu_7886_p2   |    or    |      0|  0|  12|          12|           8|
    |or_ln74_178_fu_7900_p2   |    or    |      0|  0|  12|          12|           8|
    |or_ln74_179_fu_7914_p2   |    or    |      0|  0|  12|          12|           8|
    |or_ln74_17_fu_5646_p2    |    or    |      0|  0|  12|          12|           5|
    |or_ln74_180_fu_7928_p2   |    or    |      0|  0|  12|          12|           8|
    |or_ln74_181_fu_7942_p2   |    or    |      0|  0|  12|          12|           8|
    |or_ln74_182_fu_7956_p2   |    or    |      0|  0|  12|          12|           8|
    |or_ln74_183_fu_7970_p2   |    or    |      0|  0|  12|          12|           8|
    |or_ln74_184_fu_7984_p2   |    or    |      0|  0|  12|          12|           8|
    |or_ln74_185_fu_7998_p2   |    or    |      0|  0|  12|          12|           8|
    |or_ln74_186_fu_8012_p2   |    or    |      0|  0|  12|          12|           8|
    |or_ln74_187_fu_8026_p2   |    or    |      0|  0|  12|          12|           8|
    |or_ln74_188_fu_8040_p2   |    or    |      0|  0|  12|          12|           8|
    |or_ln74_189_fu_8054_p2   |    or    |      0|  0|  12|          12|           8|
    |or_ln74_18_fu_5660_p2    |    or    |      0|  0|  12|          12|           5|
    |or_ln74_190_fu_8068_p2   |    or    |      0|  0|  12|          12|           8|
    |or_ln74_191_fu_8082_p2   |    or    |      0|  0|  12|          12|           8|
    |or_ln74_192_fu_8096_p2   |    or    |      0|  0|  12|          12|           8|
    |or_ln74_193_fu_8110_p2   |    or    |      0|  0|  12|          12|           8|
    |or_ln74_194_fu_8124_p2   |    or    |      0|  0|  12|          12|           8|
    |or_ln74_195_fu_8138_p2   |    or    |      0|  0|  12|          12|           8|
    |or_ln74_196_fu_8152_p2   |    or    |      0|  0|  12|          12|           8|
    |or_ln74_197_fu_8166_p2   |    or    |      0|  0|  12|          12|           8|
    |or_ln74_198_fu_8180_p2   |    or    |      0|  0|  12|          12|           8|
    |or_ln74_199_fu_8194_p2   |    or    |      0|  0|  12|          12|           8|
    |or_ln74_19_fu_5674_p2    |    or    |      0|  0|  12|          12|           5|
    |or_ln74_1_fu_5422_p2     |    or    |      0|  0|  12|          12|           2|
    |or_ln74_200_fu_8208_p2   |    or    |      0|  0|  12|          12|           8|
    |or_ln74_201_fu_8222_p2   |    or    |      0|  0|  12|          12|           8|
    |or_ln74_202_fu_8236_p2   |    or    |      0|  0|  12|          12|           8|
    |or_ln74_203_fu_8250_p2   |    or    |      0|  0|  12|          12|           8|
    |or_ln74_204_fu_8264_p2   |    or    |      0|  0|  12|          12|           8|
    |or_ln74_205_fu_8278_p2   |    or    |      0|  0|  12|          12|           8|
    |or_ln74_206_fu_8292_p2   |    or    |      0|  0|  12|          12|           8|
    |or_ln74_207_fu_8306_p2   |    or    |      0|  0|  12|          12|           8|
    |or_ln74_208_fu_8320_p2   |    or    |      0|  0|  12|          12|           8|
    |or_ln74_209_fu_8334_p2   |    or    |      0|  0|  12|          12|           8|
    |or_ln74_20_fu_5688_p2    |    or    |      0|  0|  12|          12|           5|
    |or_ln74_210_fu_8348_p2   |    or    |      0|  0|  12|          12|           8|
    |or_ln74_211_fu_8362_p2   |    or    |      0|  0|  12|          12|           8|
    |or_ln74_212_fu_8376_p2   |    or    |      0|  0|  12|          12|           8|
    |or_ln74_213_fu_8390_p2   |    or    |      0|  0|  12|          12|           8|
    |or_ln74_214_fu_8404_p2   |    or    |      0|  0|  12|          12|           8|
    |or_ln74_215_fu_8418_p2   |    or    |      0|  0|  12|          12|           8|
    |or_ln74_216_fu_8432_p2   |    or    |      0|  0|  12|          12|           8|
    |or_ln74_217_fu_8446_p2   |    or    |      0|  0|  12|          12|           8|
    |or_ln74_218_fu_8460_p2   |    or    |      0|  0|  12|          12|           8|
    |or_ln74_219_fu_8474_p2   |    or    |      0|  0|  12|          12|           8|
    |or_ln74_21_fu_5702_p2    |    or    |      0|  0|  12|          12|           5|
    |or_ln74_220_fu_8488_p2   |    or    |      0|  0|  12|          12|           8|
    |or_ln74_221_fu_8502_p2   |    or    |      0|  0|  12|          12|           8|
    |or_ln74_222_fu_8516_p2   |    or    |      0|  0|  12|          12|           8|
    |or_ln74_223_fu_8530_p2   |    or    |      0|  0|  12|          12|           8|
    |or_ln74_224_fu_8544_p2   |    or    |      0|  0|  12|          12|           8|
    |or_ln74_225_fu_8558_p2   |    or    |      0|  0|  12|          12|           8|
    |or_ln74_226_fu_8572_p2   |    or    |      0|  0|  12|          12|           8|
    |or_ln74_227_fu_8586_p2   |    or    |      0|  0|  12|          12|           8|
    |or_ln74_228_fu_8600_p2   |    or    |      0|  0|  12|          12|           8|
    |or_ln74_229_fu_8614_p2   |    or    |      0|  0|  12|          12|           8|
    |or_ln74_22_fu_5716_p2    |    or    |      0|  0|  12|          12|           5|
    |or_ln74_230_fu_8628_p2   |    or    |      0|  0|  12|          12|           8|
    |or_ln74_231_fu_8642_p2   |    or    |      0|  0|  12|          12|           8|
    |or_ln74_232_fu_8656_p2   |    or    |      0|  0|  12|          12|           8|
    |or_ln74_233_fu_8670_p2   |    or    |      0|  0|  12|          12|           8|
    |or_ln74_234_fu_8684_p2   |    or    |      0|  0|  12|          12|           8|
    |or_ln74_235_fu_8698_p2   |    or    |      0|  0|  12|          12|           8|
    |or_ln74_236_fu_8712_p2   |    or    |      0|  0|  12|          12|           8|
    |or_ln74_237_fu_8726_p2   |    or    |      0|  0|  12|          12|           8|
    |or_ln74_238_fu_8740_p2   |    or    |      0|  0|  12|          12|           8|
    |or_ln74_239_fu_8754_p2   |    or    |      0|  0|  12|          12|           8|
    |or_ln74_23_fu_5730_p2    |    or    |      0|  0|  12|          12|           5|
    |or_ln74_240_fu_8768_p2   |    or    |      0|  0|  12|          12|           8|
    |or_ln74_241_fu_8782_p2   |    or    |      0|  0|  12|          12|           8|
    |or_ln74_242_fu_8796_p2   |    or    |      0|  0|  12|          12|           8|
    |or_ln74_243_fu_8810_p2   |    or    |      0|  0|  12|          12|           8|
    |or_ln74_244_fu_8824_p2   |    or    |      0|  0|  12|          12|           8|
    |or_ln74_245_fu_8838_p2   |    or    |      0|  0|  12|          12|           8|
    |or_ln74_246_fu_8852_p2   |    or    |      0|  0|  12|          12|           8|
    |or_ln74_247_fu_8866_p2   |    or    |      0|  0|  12|          12|           8|
    |or_ln74_248_fu_8880_p2   |    or    |      0|  0|  12|          12|           8|
    |or_ln74_249_fu_8894_p2   |    or    |      0|  0|  12|          12|           8|
    |or_ln74_24_fu_5744_p2    |    or    |      0|  0|  12|          12|           5|
    |or_ln74_250_fu_8908_p2   |    or    |      0|  0|  12|          12|           8|
    |or_ln74_251_fu_8922_p2   |    or    |      0|  0|  12|          12|           8|
    |or_ln74_252_fu_8936_p2   |    or    |      0|  0|  12|          12|           8|
    |or_ln74_253_fu_8950_p2   |    or    |      0|  0|  12|          12|           8|
    |or_ln74_254_fu_8964_p2   |    or    |      0|  0|  12|          12|           8|
    |or_ln74_25_fu_5758_p2    |    or    |      0|  0|  12|          12|           5|
    |or_ln74_26_fu_5772_p2    |    or    |      0|  0|  12|          12|           5|
    |or_ln74_27_fu_5786_p2    |    or    |      0|  0|  12|          12|           5|
    |or_ln74_28_fu_5800_p2    |    or    |      0|  0|  12|          12|           5|
    |or_ln74_29_fu_5814_p2    |    or    |      0|  0|  12|          12|           5|
    |or_ln74_2_fu_5436_p2     |    or    |      0|  0|  12|          12|           2|
    |or_ln74_30_fu_5828_p2    |    or    |      0|  0|  12|          12|           5|
    |or_ln74_31_fu_5842_p2    |    or    |      0|  0|  12|          12|           6|
    |or_ln74_32_fu_5856_p2    |    or    |      0|  0|  12|          12|           6|
    |or_ln74_33_fu_5870_p2    |    or    |      0|  0|  12|          12|           6|
    |or_ln74_34_fu_5884_p2    |    or    |      0|  0|  12|          12|           6|
    |or_ln74_35_fu_5898_p2    |    or    |      0|  0|  12|          12|           6|
    |or_ln74_36_fu_5912_p2    |    or    |      0|  0|  12|          12|           6|
    |or_ln74_37_fu_5926_p2    |    or    |      0|  0|  12|          12|           6|
    |or_ln74_38_fu_5940_p2    |    or    |      0|  0|  12|          12|           6|
    |or_ln74_39_fu_5954_p2    |    or    |      0|  0|  12|          12|           6|
    |or_ln74_3_fu_5450_p2     |    or    |      0|  0|  12|          12|           3|
    |or_ln74_40_fu_5968_p2    |    or    |      0|  0|  12|          12|           6|
    |or_ln74_41_fu_5982_p2    |    or    |      0|  0|  12|          12|           6|
    |or_ln74_42_fu_5996_p2    |    or    |      0|  0|  12|          12|           6|
    |or_ln74_43_fu_6010_p2    |    or    |      0|  0|  12|          12|           6|
    |or_ln74_44_fu_6024_p2    |    or    |      0|  0|  12|          12|           6|
    |or_ln74_45_fu_6038_p2    |    or    |      0|  0|  12|          12|           6|
    |or_ln74_46_fu_6052_p2    |    or    |      0|  0|  12|          12|           6|
    |or_ln74_47_fu_6066_p2    |    or    |      0|  0|  12|          12|           6|
    |or_ln74_48_fu_6080_p2    |    or    |      0|  0|  12|          12|           6|
    |or_ln74_49_fu_6094_p2    |    or    |      0|  0|  12|          12|           6|
    |or_ln74_4_fu_5464_p2     |    or    |      0|  0|  12|          12|           3|
    |or_ln74_50_fu_6108_p2    |    or    |      0|  0|  12|          12|           6|
    |or_ln74_51_fu_6122_p2    |    or    |      0|  0|  12|          12|           6|
    |or_ln74_52_fu_6136_p2    |    or    |      0|  0|  12|          12|           6|
    |or_ln74_53_fu_6150_p2    |    or    |      0|  0|  12|          12|           6|
    |or_ln74_54_fu_6164_p2    |    or    |      0|  0|  12|          12|           6|
    |or_ln74_55_fu_6178_p2    |    or    |      0|  0|  12|          12|           6|
    |or_ln74_56_fu_6192_p2    |    or    |      0|  0|  12|          12|           6|
    |or_ln74_57_fu_6206_p2    |    or    |      0|  0|  12|          12|           6|
    |or_ln74_58_fu_6220_p2    |    or    |      0|  0|  12|          12|           6|
    |or_ln74_59_fu_6234_p2    |    or    |      0|  0|  12|          12|           6|
    |or_ln74_5_fu_5478_p2     |    or    |      0|  0|  12|          12|           3|
    |or_ln74_60_fu_6248_p2    |    or    |      0|  0|  12|          12|           6|
    |or_ln74_61_fu_6262_p2    |    or    |      0|  0|  12|          12|           6|
    |or_ln74_62_fu_6276_p2    |    or    |      0|  0|  12|          12|           6|
    |or_ln74_63_fu_6290_p2    |    or    |      0|  0|  12|          12|           7|
    |or_ln74_64_fu_6304_p2    |    or    |      0|  0|  12|          12|           7|
    |or_ln74_65_fu_6318_p2    |    or    |      0|  0|  12|          12|           7|
    |or_ln74_66_fu_6332_p2    |    or    |      0|  0|  12|          12|           7|
    |or_ln74_67_fu_6346_p2    |    or    |      0|  0|  12|          12|           7|
    |or_ln74_68_fu_6360_p2    |    or    |      0|  0|  12|          12|           7|
    |or_ln74_69_fu_6374_p2    |    or    |      0|  0|  12|          12|           7|
    |or_ln74_6_fu_5492_p2     |    or    |      0|  0|  12|          12|           3|
    |or_ln74_70_fu_6388_p2    |    or    |      0|  0|  12|          12|           7|
    |or_ln74_71_fu_6402_p2    |    or    |      0|  0|  12|          12|           7|
    |or_ln74_72_fu_6416_p2    |    or    |      0|  0|  12|          12|           7|
    |or_ln74_73_fu_6430_p2    |    or    |      0|  0|  12|          12|           7|
    |or_ln74_74_fu_6444_p2    |    or    |      0|  0|  12|          12|           7|
    |or_ln74_75_fu_6458_p2    |    or    |      0|  0|  12|          12|           7|
    |or_ln74_76_fu_6472_p2    |    or    |      0|  0|  12|          12|           7|
    |or_ln74_77_fu_6486_p2    |    or    |      0|  0|  12|          12|           7|
    |or_ln74_78_fu_6500_p2    |    or    |      0|  0|  12|          12|           7|
    |or_ln74_79_fu_6514_p2    |    or    |      0|  0|  12|          12|           7|
    |or_ln74_7_fu_5506_p2     |    or    |      0|  0|  12|          12|           4|
    |or_ln74_80_fu_6528_p2    |    or    |      0|  0|  12|          12|           7|
    |or_ln74_81_fu_6542_p2    |    or    |      0|  0|  12|          12|           7|
    |or_ln74_82_fu_6556_p2    |    or    |      0|  0|  12|          12|           7|
    |or_ln74_83_fu_6570_p2    |    or    |      0|  0|  12|          12|           7|
    |or_ln74_84_fu_6584_p2    |    or    |      0|  0|  12|          12|           7|
    |or_ln74_85_fu_6598_p2    |    or    |      0|  0|  12|          12|           7|
    |or_ln74_86_fu_6612_p2    |    or    |      0|  0|  12|          12|           7|
    |or_ln74_87_fu_6626_p2    |    or    |      0|  0|  12|          12|           7|
    |or_ln74_88_fu_6640_p2    |    or    |      0|  0|  12|          12|           7|
    |or_ln74_89_fu_6654_p2    |    or    |      0|  0|  12|          12|           7|
    |or_ln74_8_fu_5520_p2     |    or    |      0|  0|  12|          12|           4|
    |or_ln74_90_fu_6668_p2    |    or    |      0|  0|  12|          12|           7|
    |or_ln74_91_fu_6682_p2    |    or    |      0|  0|  12|          12|           7|
    |or_ln74_92_fu_6696_p2    |    or    |      0|  0|  12|          12|           7|
    |or_ln74_93_fu_6710_p2    |    or    |      0|  0|  12|          12|           7|
    |or_ln74_94_fu_6724_p2    |    or    |      0|  0|  12|          12|           7|
    |or_ln74_95_fu_6738_p2    |    or    |      0|  0|  12|          12|           7|
    |or_ln74_96_fu_6752_p2    |    or    |      0|  0|  12|          12|           7|
    |or_ln74_97_fu_6766_p2    |    or    |      0|  0|  12|          12|           7|
    |or_ln74_98_fu_6780_p2    |    or    |      0|  0|  12|          12|           7|
    |or_ln74_99_fu_6794_p2    |    or    |      0|  0|  12|          12|           7|
    |or_ln74_9_fu_5534_p2     |    or    |      0|  0|  12|          12|           4|
    |or_ln74_fu_5407_p2       |    or    |      0|  0|  12|          12|           1|
    |or_ln90_1_fu_9121_p2     |    or    |      0|  0|   2|           1|           1|
    |or_ln90_fu_9117_p2       |    or    |      0|  0|   2|           1|           1|
    |max_idx_1_fu_9144_p3     |  select  |      0|  0|  32|           1|          32|
    |max_val_2_fu_9137_p3     |  select  |      0|  0|  32|           1|          32|
    |out_spike_fu_9028_p3     |  select  |      0|  0|  30|           1|          30|
    |select_ln16_fu_9020_p3   |  select  |      0|  0|  32|           1|           1|
    |spike_in_d0              |  select  |      0|  0|  30|           1|          30|
    |ap_enable_pp2            |    xor   |      0|  0|   2|           1|           2|
    |ap_enable_pp3            |    xor   |      0|  0|   2|           1|           2|
    |ap_enable_reg_pp3_iter1  |    xor   |      0|  0|   2|           2|           1|
    +-------------------------+----------+-------+---+----+------------+------------+
    |Total                    |          |      0|  0|3450|        3224|        1974|
    +-------------------------+----------+-------+---+----+------------+------------+

    * Multiplexer: 
    +-------------------------------------+------+-----------+-----+-----------+
    |                 Name                |  LUT | Input Size| Bits| Total Bits|
    +-------------------------------------+------+-----------+-----+-----------+
    |ap_NS_fsm                            |  1213|        267|    1|        267|
    |ap_enable_reg_pp2_iter10             |     9|          2|    1|          2|
    |ap_enable_reg_pp3_iter1              |     9|          2|    1|          2|
    |ap_enable_reg_pp3_iter2              |     9|          2|    1|          2|
    |ap_phi_mux_max_idx_phi_fu_5137_p4    |     9|          2|    4|          8|
    |ap_phi_mux_max_val_0_phi_fu_5114_p4  |     9|          2|   32|         64|
    |ap_phi_mux_o1_0_phi_fu_5104_p4       |     9|          2|    4|          8|
    |classifier_3_weight_address0         |   581|        129|   12|       1548|
    |classifier_3_weight_address1         |   581|        129|   12|       1548|
    |grp_fu_5145_p0                       |    41|          8|   32|        256|
    |grp_fu_5145_p1                       |   545|        128|   32|       4096|
    |grp_fu_5150_p0                       |    41|          8|   32|        256|
    |grp_fu_5150_p1                       |   581|        129|   32|       4128|
    |grp_fu_5154_p0                       |    15|          3|   32|         96|
    |grp_fu_5154_p1                       |    15|          3|   32|         96|
    |grp_fu_5158_p0                       |   581|        129|   32|       4128|
    |grp_fu_5158_p1                       |    33|          6|   32|        192|
    |grp_fu_5164_p0                       |   581|        129|   32|       4128|
    |grp_fu_5164_p1                       |    33|          6|   32|        192|
    |grp_fu_5172_opcode                   |    15|          3|    5|         15|
    |grp_fu_5172_p0                       |    15|          3|   32|         96|
    |grp_fu_5172_p1                       |    15|          3|   32|         96|
    |i_0_reg_5089                         |     9|          2|    9|         18|
    |in_stream_TDATA_blk_n                |     9|          2|    1|          2|
    |max_idx_reg_5133                     |     9|          2|    4|          8|
    |max_val_0_reg_5111                   |     9|          2|   32|         64|
    |mem_address0                         |    21|          4|    4|         16|
    |mem_d0                               |    15|          3|   32|         96|
    |o1_0_reg_5100                        |     9|          2|    4|          8|
    |o_0_reg_5067                         |     9|          2|    4|          8|
    |output_class_write_a_reg_5121        |     9|          2|   32|         64|
    |spike_count_address0                 |    33|          6|    4|         24|
    |spike_count_d0                       |    15|          3|   32|         96|
    |spike_in_address0                    |   585|        130|    8|       1040|
    |spike_in_address1                    |   581|        129|    8|       1032|
    |t_0_reg_5078                         |     9|          2|    4|          8|
    +-------------------------------------+------+-----------+-----+-----------+
    |Total                                |  6262|       1386|  635|      23708|
    +-------------------------------------+------+-----------+-----+-----------+

    * Register: 
    +-----------------------------------+-----+----+-----+-----------+
    |                Name               |  FF | LUT| Bits| Const Bits|
    +-----------------------------------+-----+----+-----+-----------+
    |and_ln16_reg_14569                 |    1|   0|    1|          0|
    |ap_CS_fsm                          |  266|   0|  266|          0|
    |ap_enable_reg_pp2_iter0            |    1|   0|    1|          0|
    |ap_enable_reg_pp2_iter1            |    1|   0|    1|          0|
    |ap_enable_reg_pp2_iter10           |    1|   0|    1|          0|
    |ap_enable_reg_pp2_iter2            |    1|   0|    1|          0|
    |ap_enable_reg_pp2_iter3            |    1|   0|    1|          0|
    |ap_enable_reg_pp2_iter4            |    1|   0|    1|          0|
    |ap_enable_reg_pp2_iter5            |    1|   0|    1|          0|
    |ap_enable_reg_pp2_iter6            |    1|   0|    1|          0|
    |ap_enable_reg_pp2_iter7            |    1|   0|    1|          0|
    |ap_enable_reg_pp2_iter8            |    1|   0|    1|          0|
    |ap_enable_reg_pp2_iter9            |    1|   0|    1|          0|
    |ap_enable_reg_pp3_iter0            |    1|   0|    1|          0|
    |ap_enable_reg_pp3_iter1            |    1|   0|    1|          0|
    |ap_enable_reg_pp3_iter2            |    1|   0|    1|          0|
    |i_0_reg_5089                       |    9|   0|    9|          0|
    |icmp_ln67_reg_11742                |    1|   0|    1|          0|
    |icmp_ln88_reg_14580                |    1|   0|    1|          0|
    |icmp_ln88_reg_14580_pp3_iter1_reg  |    1|   0|    1|          0|
    |icmp_ln90_1_reg_14605              |    1|   0|    1|          0|
    |icmp_ln90_2_reg_14610              |    1|   0|    1|          0|
    |icmp_ln90_3_reg_14615              |    1|   0|    1|          0|
    |icmp_ln90_reg_14600                |    1|   0|    1|          0|
    |max_idx_reg_5133                   |    4|   0|    4|          0|
    |max_idx_reg_5133_pp3_iter1_reg     |    4|   0|    4|          0|
    |max_val_0_reg_5111                 |   32|   0|   32|          0|
    |max_val_1_reg_14594                |   32|   0|   32|          0|
    |mem_addr_1_reg_12019               |    4|   0|    4|          0|
    |o1_0_reg_5100                      |    4|   0|    4|          0|
    |o_0_reg_5067                       |    4|   0|    4|          0|
    |o_1_reg_14589                      |    4|   0|    4|          0|
    |o_2_reg_11746                      |    4|   0|    4|          0|
    |output_class_write_a_reg_5121      |   32|   0|   32|          0|
    |reg_5179                           |   32|   0|   32|          0|
    |reg_5184                           |   32|   0|   32|          0|
    |reg_5189                           |   32|   0|   32|          0|
    |reg_5194                           |   32|   0|   32|          0|
    |reg_5199                           |   32|   0|   32|          0|
    |reg_5204                           |   32|   0|   32|          0|
    |reg_5209                           |   32|   0|   32|          0|
    |reg_5215                           |   32|   0|   32|          0|
    |reg_5221                           |   32|   0|   32|          0|
    |reg_5227                           |   32|   0|   32|          0|
    |reg_5232                           |   32|   0|   32|          0|
    |reg_5237                           |   32|   0|   32|          0|
    |reg_5242                           |   32|   0|   32|          0|
    |reg_5247                           |   32|   0|   32|          0|
    |reg_5252                           |   32|   0|   32|          0|
    |reg_5257                           |   32|   0|   32|          0|
    |reg_5263                           |   32|   0|   32|          0|
    |reg_5268                           |   32|   0|   32|          0|
    |reg_5273                           |   32|   0|   32|          0|
    |reg_5278                           |   32|   0|   32|          0|
    |reg_5283                           |   32|   0|   32|          0|
    |reg_5288                           |   32|   0|   32|          0|
    |reg_5294                           |   32|   0|   32|          0|
    |reg_5300                           |   32|   0|   32|          0|
    |spike_count_addr_3_reg_12024       |    4|   0|    4|          0|
    |spike_in_load_100_reg_10962        |   32|   0|   32|          0|
    |spike_in_load_101_reg_10967        |   32|   0|   32|          0|
    |spike_in_load_102_reg_10972        |   32|   0|   32|          0|
    |spike_in_load_103_reg_10977        |   32|   0|   32|          0|
    |spike_in_load_104_reg_10982        |   32|   0|   32|          0|
    |spike_in_load_105_reg_10987        |   32|   0|   32|          0|
    |spike_in_load_106_reg_10992        |   32|   0|   32|          0|
    |spike_in_load_107_reg_10997        |   32|   0|   32|          0|
    |spike_in_load_108_reg_11002        |   32|   0|   32|          0|
    |spike_in_load_109_reg_11007        |   32|   0|   32|          0|
    |spike_in_load_10_reg_10512         |   32|   0|   32|          0|
    |spike_in_load_110_reg_11012        |   32|   0|   32|          0|
    |spike_in_load_111_reg_11017        |   32|   0|   32|          0|
    |spike_in_load_112_reg_11022        |   32|   0|   32|          0|
    |spike_in_load_113_reg_11027        |   32|   0|   32|          0|
    |spike_in_load_114_reg_11032        |   32|   0|   32|          0|
    |spike_in_load_115_reg_11037        |   32|   0|   32|          0|
    |spike_in_load_116_reg_11042        |   32|   0|   32|          0|
    |spike_in_load_117_reg_11047        |   32|   0|   32|          0|
    |spike_in_load_118_reg_11052        |   32|   0|   32|          0|
    |spike_in_load_119_reg_11057        |   32|   0|   32|          0|
    |spike_in_load_11_reg_10517         |   32|   0|   32|          0|
    |spike_in_load_120_reg_11062        |   32|   0|   32|          0|
    |spike_in_load_121_reg_11067        |   32|   0|   32|          0|
    |spike_in_load_122_reg_11072        |   32|   0|   32|          0|
    |spike_in_load_123_reg_11077        |   32|   0|   32|          0|
    |spike_in_load_124_reg_11082        |   32|   0|   32|          0|
    |spike_in_load_125_reg_11087        |   32|   0|   32|          0|
    |spike_in_load_126_reg_11092        |   32|   0|   32|          0|
    |spike_in_load_127_reg_11097        |   32|   0|   32|          0|
    |spike_in_load_128_reg_11102        |   32|   0|   32|          0|
    |spike_in_load_129_reg_11107        |   32|   0|   32|          0|
    |spike_in_load_12_reg_10522         |   32|   0|   32|          0|
    |spike_in_load_130_reg_11112        |   32|   0|   32|          0|
    |spike_in_load_131_reg_11117        |   32|   0|   32|          0|
    |spike_in_load_132_reg_11122        |   32|   0|   32|          0|
    |spike_in_load_133_reg_11127        |   32|   0|   32|          0|
    |spike_in_load_134_reg_11132        |   32|   0|   32|          0|
    |spike_in_load_135_reg_11137        |   32|   0|   32|          0|
    |spike_in_load_136_reg_11142        |   32|   0|   32|          0|
    |spike_in_load_137_reg_11147        |   32|   0|   32|          0|
    |spike_in_load_138_reg_11152        |   32|   0|   32|          0|
    |spike_in_load_139_reg_11157        |   32|   0|   32|          0|
    |spike_in_load_13_reg_10527         |   32|   0|   32|          0|
    |spike_in_load_140_reg_11162        |   32|   0|   32|          0|
    |spike_in_load_141_reg_11167        |   32|   0|   32|          0|
    |spike_in_load_142_reg_11172        |   32|   0|   32|          0|
    |spike_in_load_143_reg_11177        |   32|   0|   32|          0|
    |spike_in_load_144_reg_11182        |   32|   0|   32|          0|
    |spike_in_load_145_reg_11187        |   32|   0|   32|          0|
    |spike_in_load_146_reg_11192        |   32|   0|   32|          0|
    |spike_in_load_147_reg_11197        |   32|   0|   32|          0|
    |spike_in_load_148_reg_11202        |   32|   0|   32|          0|
    |spike_in_load_149_reg_11207        |   32|   0|   32|          0|
    |spike_in_load_14_reg_10532         |   32|   0|   32|          0|
    |spike_in_load_150_reg_11212        |   32|   0|   32|          0|
    |spike_in_load_151_reg_11217        |   32|   0|   32|          0|
    |spike_in_load_152_reg_11222        |   32|   0|   32|          0|
    |spike_in_load_153_reg_11227        |   32|   0|   32|          0|
    |spike_in_load_154_reg_11232        |   32|   0|   32|          0|
    |spike_in_load_155_reg_11237        |   32|   0|   32|          0|
    |spike_in_load_156_reg_11242        |   32|   0|   32|          0|
    |spike_in_load_157_reg_11247        |   32|   0|   32|          0|
    |spike_in_load_158_reg_11252        |   32|   0|   32|          0|
    |spike_in_load_159_reg_11257        |   32|   0|   32|          0|
    |spike_in_load_15_reg_10537         |   32|   0|   32|          0|
    |spike_in_load_160_reg_11262        |   32|   0|   32|          0|
    |spike_in_load_161_reg_11267        |   32|   0|   32|          0|
    |spike_in_load_162_reg_11272        |   32|   0|   32|          0|
    |spike_in_load_163_reg_11277        |   32|   0|   32|          0|
    |spike_in_load_164_reg_11282        |   32|   0|   32|          0|
    |spike_in_load_165_reg_11287        |   32|   0|   32|          0|
    |spike_in_load_166_reg_11292        |   32|   0|   32|          0|
    |spike_in_load_167_reg_11297        |   32|   0|   32|          0|
    |spike_in_load_168_reg_11302        |   32|   0|   32|          0|
    |spike_in_load_169_reg_11307        |   32|   0|   32|          0|
    |spike_in_load_16_reg_10542         |   32|   0|   32|          0|
    |spike_in_load_170_reg_11312        |   32|   0|   32|          0|
    |spike_in_load_171_reg_11317        |   32|   0|   32|          0|
    |spike_in_load_172_reg_11322        |   32|   0|   32|          0|
    |spike_in_load_173_reg_11327        |   32|   0|   32|          0|
    |spike_in_load_174_reg_11332        |   32|   0|   32|          0|
    |spike_in_load_175_reg_11337        |   32|   0|   32|          0|
    |spike_in_load_176_reg_11342        |   32|   0|   32|          0|
    |spike_in_load_177_reg_11347        |   32|   0|   32|          0|
    |spike_in_load_178_reg_11352        |   32|   0|   32|          0|
    |spike_in_load_179_reg_11357        |   32|   0|   32|          0|
    |spike_in_load_17_reg_10547         |   32|   0|   32|          0|
    |spike_in_load_180_reg_11362        |   32|   0|   32|          0|
    |spike_in_load_181_reg_11367        |   32|   0|   32|          0|
    |spike_in_load_182_reg_11372        |   32|   0|   32|          0|
    |spike_in_load_183_reg_11377        |   32|   0|   32|          0|
    |spike_in_load_184_reg_11382        |   32|   0|   32|          0|
    |spike_in_load_185_reg_11387        |   32|   0|   32|          0|
    |spike_in_load_186_reg_11392        |   32|   0|   32|          0|
    |spike_in_load_187_reg_11397        |   32|   0|   32|          0|
    |spike_in_load_188_reg_11402        |   32|   0|   32|          0|
    |spike_in_load_189_reg_11407        |   32|   0|   32|          0|
    |spike_in_load_18_reg_10552         |   32|   0|   32|          0|
    |spike_in_load_190_reg_11412        |   32|   0|   32|          0|
    |spike_in_load_191_reg_11417        |   32|   0|   32|          0|
    |spike_in_load_192_reg_11422        |   32|   0|   32|          0|
    |spike_in_load_193_reg_11427        |   32|   0|   32|          0|
    |spike_in_load_194_reg_11432        |   32|   0|   32|          0|
    |spike_in_load_195_reg_11437        |   32|   0|   32|          0|
    |spike_in_load_196_reg_11442        |   32|   0|   32|          0|
    |spike_in_load_197_reg_11447        |   32|   0|   32|          0|
    |spike_in_load_198_reg_11452        |   32|   0|   32|          0|
    |spike_in_load_199_reg_11457        |   32|   0|   32|          0|
    |spike_in_load_19_reg_10557         |   32|   0|   32|          0|
    |spike_in_load_1_reg_10467          |   32|   0|   32|          0|
    |spike_in_load_200_reg_11462        |   32|   0|   32|          0|
    |spike_in_load_201_reg_11467        |   32|   0|   32|          0|
    |spike_in_load_202_reg_11472        |   32|   0|   32|          0|
    |spike_in_load_203_reg_11477        |   32|   0|   32|          0|
    |spike_in_load_204_reg_11482        |   32|   0|   32|          0|
    |spike_in_load_205_reg_11487        |   32|   0|   32|          0|
    |spike_in_load_206_reg_11492        |   32|   0|   32|          0|
    |spike_in_load_207_reg_11497        |   32|   0|   32|          0|
    |spike_in_load_208_reg_11502        |   32|   0|   32|          0|
    |spike_in_load_209_reg_11507        |   32|   0|   32|          0|
    |spike_in_load_20_reg_10562         |   32|   0|   32|          0|
    |spike_in_load_210_reg_11512        |   32|   0|   32|          0|
    |spike_in_load_211_reg_11517        |   32|   0|   32|          0|
    |spike_in_load_212_reg_11522        |   32|   0|   32|          0|
    |spike_in_load_213_reg_11527        |   32|   0|   32|          0|
    |spike_in_load_214_reg_11532        |   32|   0|   32|          0|
    |spike_in_load_215_reg_11537        |   32|   0|   32|          0|
    |spike_in_load_216_reg_11542        |   32|   0|   32|          0|
    |spike_in_load_217_reg_11547        |   32|   0|   32|          0|
    |spike_in_load_218_reg_11552        |   32|   0|   32|          0|
    |spike_in_load_219_reg_11557        |   32|   0|   32|          0|
    |spike_in_load_21_reg_10567         |   32|   0|   32|          0|
    |spike_in_load_220_reg_11562        |   32|   0|   32|          0|
    |spike_in_load_221_reg_11567        |   32|   0|   32|          0|
    |spike_in_load_222_reg_11572        |   32|   0|   32|          0|
    |spike_in_load_223_reg_11577        |   32|   0|   32|          0|
    |spike_in_load_224_reg_11582        |   32|   0|   32|          0|
    |spike_in_load_225_reg_11587        |   32|   0|   32|          0|
    |spike_in_load_226_reg_11592        |   32|   0|   32|          0|
    |spike_in_load_227_reg_11597        |   32|   0|   32|          0|
    |spike_in_load_228_reg_11602        |   32|   0|   32|          0|
    |spike_in_load_229_reg_11607        |   32|   0|   32|          0|
    |spike_in_load_22_reg_10572         |   32|   0|   32|          0|
    |spike_in_load_230_reg_11612        |   32|   0|   32|          0|
    |spike_in_load_231_reg_11617        |   32|   0|   32|          0|
    |spike_in_load_232_reg_11622        |   32|   0|   32|          0|
    |spike_in_load_233_reg_11627        |   32|   0|   32|          0|
    |spike_in_load_234_reg_11632        |   32|   0|   32|          0|
    |spike_in_load_235_reg_11637        |   32|   0|   32|          0|
    |spike_in_load_236_reg_11642        |   32|   0|   32|          0|
    |spike_in_load_237_reg_11647        |   32|   0|   32|          0|
    |spike_in_load_238_reg_11652        |   32|   0|   32|          0|
    |spike_in_load_239_reg_11657        |   32|   0|   32|          0|
    |spike_in_load_23_reg_10577         |   32|   0|   32|          0|
    |spike_in_load_240_reg_11662        |   32|   0|   32|          0|
    |spike_in_load_241_reg_11667        |   32|   0|   32|          0|
    |spike_in_load_242_reg_11672        |   32|   0|   32|          0|
    |spike_in_load_243_reg_11677        |   32|   0|   32|          0|
    |spike_in_load_244_reg_11682        |   32|   0|   32|          0|
    |spike_in_load_245_reg_11687        |   32|   0|   32|          0|
    |spike_in_load_246_reg_11692        |   32|   0|   32|          0|
    |spike_in_load_247_reg_11697        |   32|   0|   32|          0|
    |spike_in_load_248_reg_11702        |   32|   0|   32|          0|
    |spike_in_load_249_reg_11707        |   32|   0|   32|          0|
    |spike_in_load_24_reg_10582         |   32|   0|   32|          0|
    |spike_in_load_250_reg_11712        |   32|   0|   32|          0|
    |spike_in_load_251_reg_11717        |   32|   0|   32|          0|
    |spike_in_load_252_reg_11722        |   32|   0|   32|          0|
    |spike_in_load_253_reg_11727        |   32|   0|   32|          0|
    |spike_in_load_254_reg_11732        |   32|   0|   32|          0|
    |spike_in_load_255_reg_11737        |   32|   0|   32|          0|
    |spike_in_load_25_reg_10587         |   32|   0|   32|          0|
    |spike_in_load_26_reg_10592         |   32|   0|   32|          0|
    |spike_in_load_27_reg_10597         |   32|   0|   32|          0|
    |spike_in_load_28_reg_10602         |   32|   0|   32|          0|
    |spike_in_load_29_reg_10607         |   32|   0|   32|          0|
    |spike_in_load_2_reg_10472          |   32|   0|   32|          0|
    |spike_in_load_30_reg_10612         |   32|   0|   32|          0|
    |spike_in_load_31_reg_10617         |   32|   0|   32|          0|
    |spike_in_load_32_reg_10622         |   32|   0|   32|          0|
    |spike_in_load_33_reg_10627         |   32|   0|   32|          0|
    |spike_in_load_34_reg_10632         |   32|   0|   32|          0|
    |spike_in_load_35_reg_10637         |   32|   0|   32|          0|
    |spike_in_load_36_reg_10642         |   32|   0|   32|          0|
    |spike_in_load_37_reg_10647         |   32|   0|   32|          0|
    |spike_in_load_38_reg_10652         |   32|   0|   32|          0|
    |spike_in_load_39_reg_10657         |   32|   0|   32|          0|
    |spike_in_load_3_reg_10477          |   32|   0|   32|          0|
    |spike_in_load_40_reg_10662         |   32|   0|   32|          0|
    |spike_in_load_41_reg_10667         |   32|   0|   32|          0|
    |spike_in_load_42_reg_10672         |   32|   0|   32|          0|
    |spike_in_load_43_reg_10677         |   32|   0|   32|          0|
    |spike_in_load_44_reg_10682         |   32|   0|   32|          0|
    |spike_in_load_45_reg_10687         |   32|   0|   32|          0|
    |spike_in_load_46_reg_10692         |   32|   0|   32|          0|
    |spike_in_load_47_reg_10697         |   32|   0|   32|          0|
    |spike_in_load_48_reg_10702         |   32|   0|   32|          0|
    |spike_in_load_49_reg_10707         |   32|   0|   32|          0|
    |spike_in_load_4_reg_10482          |   32|   0|   32|          0|
    |spike_in_load_50_reg_10712         |   32|   0|   32|          0|
    |spike_in_load_51_reg_10717         |   32|   0|   32|          0|
    |spike_in_load_52_reg_10722         |   32|   0|   32|          0|
    |spike_in_load_53_reg_10727         |   32|   0|   32|          0|
    |spike_in_load_54_reg_10732         |   32|   0|   32|          0|
    |spike_in_load_55_reg_10737         |   32|   0|   32|          0|
    |spike_in_load_56_reg_10742         |   32|   0|   32|          0|
    |spike_in_load_57_reg_10747         |   32|   0|   32|          0|
    |spike_in_load_58_reg_10752         |   32|   0|   32|          0|
    |spike_in_load_59_reg_10757         |   32|   0|   32|          0|
    |spike_in_load_5_reg_10487          |   32|   0|   32|          0|
    |spike_in_load_60_reg_10762         |   32|   0|   32|          0|
    |spike_in_load_61_reg_10767         |   32|   0|   32|          0|
    |spike_in_load_62_reg_10772         |   32|   0|   32|          0|
    |spike_in_load_63_reg_10777         |   32|   0|   32|          0|
    |spike_in_load_64_reg_10782         |   32|   0|   32|          0|
    |spike_in_load_65_reg_10787         |   32|   0|   32|          0|
    |spike_in_load_66_reg_10792         |   32|   0|   32|          0|
    |spike_in_load_67_reg_10797         |   32|   0|   32|          0|
    |spike_in_load_68_reg_10802         |   32|   0|   32|          0|
    |spike_in_load_69_reg_10807         |   32|   0|   32|          0|
    |spike_in_load_6_reg_10492          |   32|   0|   32|          0|
    |spike_in_load_70_reg_10812         |   32|   0|   32|          0|
    |spike_in_load_71_reg_10817         |   32|   0|   32|          0|
    |spike_in_load_72_reg_10822         |   32|   0|   32|          0|
    |spike_in_load_73_reg_10827         |   32|   0|   32|          0|
    |spike_in_load_74_reg_10832         |   32|   0|   32|          0|
    |spike_in_load_75_reg_10837         |   32|   0|   32|          0|
    |spike_in_load_76_reg_10842         |   32|   0|   32|          0|
    |spike_in_load_77_reg_10847         |   32|   0|   32|          0|
    |spike_in_load_78_reg_10852         |   32|   0|   32|          0|
    |spike_in_load_79_reg_10857         |   32|   0|   32|          0|
    |spike_in_load_7_reg_10497          |   32|   0|   32|          0|
    |spike_in_load_80_reg_10862         |   32|   0|   32|          0|
    |spike_in_load_81_reg_10867         |   32|   0|   32|          0|
    |spike_in_load_82_reg_10872         |   32|   0|   32|          0|
    |spike_in_load_83_reg_10877         |   32|   0|   32|          0|
    |spike_in_load_84_reg_10882         |   32|   0|   32|          0|
    |spike_in_load_85_reg_10887         |   32|   0|   32|          0|
    |spike_in_load_86_reg_10892         |   32|   0|   32|          0|
    |spike_in_load_87_reg_10897         |   32|   0|   32|          0|
    |spike_in_load_88_reg_10902         |   32|   0|   32|          0|
    |spike_in_load_89_reg_10907         |   32|   0|   32|          0|
    |spike_in_load_8_reg_10502          |   32|   0|   32|          0|
    |spike_in_load_90_reg_10912         |   32|   0|   32|          0|
    |spike_in_load_91_reg_10917         |   32|   0|   32|          0|
    |spike_in_load_92_reg_10922         |   32|   0|   32|          0|
    |spike_in_load_93_reg_10927         |   32|   0|   32|          0|
    |spike_in_load_94_reg_10932         |   32|   0|   32|          0|
    |spike_in_load_95_reg_10937         |   32|   0|   32|          0|
    |spike_in_load_96_reg_10942         |   32|   0|   32|          0|
    |spike_in_load_97_reg_10947         |   32|   0|   32|          0|
    |spike_in_load_98_reg_10952         |   32|   0|   32|          0|
    |spike_in_load_99_reg_10957         |   32|   0|   32|          0|
    |spike_in_load_9_reg_10507          |   32|   0|   32|          0|
    |spike_in_load_reg_10462            |   32|   0|   32|          0|
    |t_0_reg_5078                       |    4|   0|    4|          0|
    |t_reg_10444                        |    4|   0|    4|          0|
    |tmp_13_reg_11751                   |    4|   0|   12|          8|
    |tmp_2_reg_12074                    |   32|   0|   32|          0|
    |tmp_6_100_reg_13074                |   32|   0|   32|          0|
    |tmp_6_101_reg_13089                |   32|   0|   32|          0|
    |tmp_6_102_reg_13094                |   32|   0|   32|          0|
    |tmp_6_103_reg_13109                |   32|   0|   32|          0|
    |tmp_6_104_reg_13114                |   32|   0|   32|          0|
    |tmp_6_105_reg_13129                |   32|   0|   32|          0|
    |tmp_6_106_reg_13134                |   32|   0|   32|          0|
    |tmp_6_107_reg_13149                |   32|   0|   32|          0|
    |tmp_6_108_reg_13154                |   32|   0|   32|          0|
    |tmp_6_109_reg_13169                |   32|   0|   32|          0|
    |tmp_6_10_reg_12179                 |   32|   0|   32|          0|
    |tmp_6_110_reg_13174                |   32|   0|   32|          0|
    |tmp_6_111_reg_13189                |   32|   0|   32|          0|
    |tmp_6_112_reg_13194                |   32|   0|   32|          0|
    |tmp_6_113_reg_13209                |   32|   0|   32|          0|
    |tmp_6_114_reg_13214                |   32|   0|   32|          0|
    |tmp_6_115_reg_13229                |   32|   0|   32|          0|
    |tmp_6_116_reg_13234                |   32|   0|   32|          0|
    |tmp_6_117_reg_13249                |   32|   0|   32|          0|
    |tmp_6_118_reg_13254                |   32|   0|   32|          0|
    |tmp_6_119_reg_13269                |   32|   0|   32|          0|
    |tmp_6_11_reg_12194                 |   32|   0|   32|          0|
    |tmp_6_120_reg_13274                |   32|   0|   32|          0|
    |tmp_6_121_reg_13289                |   32|   0|   32|          0|
    |tmp_6_122_reg_13294                |   32|   0|   32|          0|
    |tmp_6_123_reg_13309                |   32|   0|   32|          0|
    |tmp_6_124_reg_13314                |   32|   0|   32|          0|
    |tmp_6_125_reg_13329                |   32|   0|   32|          0|
    |tmp_6_126_reg_13334                |   32|   0|   32|          0|
    |tmp_6_127_reg_13349                |   32|   0|   32|          0|
    |tmp_6_128_reg_13354                |   32|   0|   32|          0|
    |tmp_6_129_reg_13369                |   32|   0|   32|          0|
    |tmp_6_12_reg_12199                 |   32|   0|   32|          0|
    |tmp_6_130_reg_13374                |   32|   0|   32|          0|
    |tmp_6_131_reg_13389                |   32|   0|   32|          0|
    |tmp_6_132_reg_13394                |   32|   0|   32|          0|
    |tmp_6_133_reg_13409                |   32|   0|   32|          0|
    |tmp_6_134_reg_13414                |   32|   0|   32|          0|
    |tmp_6_135_reg_13429                |   32|   0|   32|          0|
    |tmp_6_136_reg_13434                |   32|   0|   32|          0|
    |tmp_6_137_reg_13449                |   32|   0|   32|          0|
    |tmp_6_138_reg_13454                |   32|   0|   32|          0|
    |tmp_6_139_reg_13469                |   32|   0|   32|          0|
    |tmp_6_13_reg_12214                 |   32|   0|   32|          0|
    |tmp_6_140_reg_13474                |   32|   0|   32|          0|
    |tmp_6_141_reg_13489                |   32|   0|   32|          0|
    |tmp_6_142_reg_13494                |   32|   0|   32|          0|
    |tmp_6_143_reg_13509                |   32|   0|   32|          0|
    |tmp_6_144_reg_13514                |   32|   0|   32|          0|
    |tmp_6_145_reg_13529                |   32|   0|   32|          0|
    |tmp_6_146_reg_13534                |   32|   0|   32|          0|
    |tmp_6_147_reg_13549                |   32|   0|   32|          0|
    |tmp_6_148_reg_13554                |   32|   0|   32|          0|
    |tmp_6_149_reg_13569                |   32|   0|   32|          0|
    |tmp_6_14_reg_12219                 |   32|   0|   32|          0|
    |tmp_6_150_reg_13574                |   32|   0|   32|          0|
    |tmp_6_151_reg_13589                |   32|   0|   32|          0|
    |tmp_6_152_reg_13594                |   32|   0|   32|          0|
    |tmp_6_153_reg_13609                |   32|   0|   32|          0|
    |tmp_6_154_reg_13614                |   32|   0|   32|          0|
    |tmp_6_155_reg_13629                |   32|   0|   32|          0|
    |tmp_6_156_reg_13634                |   32|   0|   32|          0|
    |tmp_6_157_reg_13649                |   32|   0|   32|          0|
    |tmp_6_158_reg_13654                |   32|   0|   32|          0|
    |tmp_6_159_reg_13669                |   32|   0|   32|          0|
    |tmp_6_15_reg_12234                 |   32|   0|   32|          0|
    |tmp_6_160_reg_13674                |   32|   0|   32|          0|
    |tmp_6_161_reg_13689                |   32|   0|   32|          0|
    |tmp_6_162_reg_13694                |   32|   0|   32|          0|
    |tmp_6_163_reg_13709                |   32|   0|   32|          0|
    |tmp_6_164_reg_13714                |   32|   0|   32|          0|
    |tmp_6_165_reg_13729                |   32|   0|   32|          0|
    |tmp_6_166_reg_13734                |   32|   0|   32|          0|
    |tmp_6_167_reg_13749                |   32|   0|   32|          0|
    |tmp_6_168_reg_13754                |   32|   0|   32|          0|
    |tmp_6_169_reg_13769                |   32|   0|   32|          0|
    |tmp_6_16_reg_12239                 |   32|   0|   32|          0|
    |tmp_6_170_reg_13774                |   32|   0|   32|          0|
    |tmp_6_171_reg_13789                |   32|   0|   32|          0|
    |tmp_6_172_reg_13794                |   32|   0|   32|          0|
    |tmp_6_173_reg_13809                |   32|   0|   32|          0|
    |tmp_6_174_reg_13814                |   32|   0|   32|          0|
    |tmp_6_175_reg_13829                |   32|   0|   32|          0|
    |tmp_6_176_reg_13834                |   32|   0|   32|          0|
    |tmp_6_177_reg_13849                |   32|   0|   32|          0|
    |tmp_6_178_reg_13854                |   32|   0|   32|          0|
    |tmp_6_179_reg_13869                |   32|   0|   32|          0|
    |tmp_6_17_reg_12254                 |   32|   0|   32|          0|
    |tmp_6_180_reg_13874                |   32|   0|   32|          0|
    |tmp_6_181_reg_13889                |   32|   0|   32|          0|
    |tmp_6_182_reg_13894                |   32|   0|   32|          0|
    |tmp_6_183_reg_13909                |   32|   0|   32|          0|
    |tmp_6_184_reg_13914                |   32|   0|   32|          0|
    |tmp_6_185_reg_13929                |   32|   0|   32|          0|
    |tmp_6_186_reg_13934                |   32|   0|   32|          0|
    |tmp_6_187_reg_13949                |   32|   0|   32|          0|
    |tmp_6_188_reg_13954                |   32|   0|   32|          0|
    |tmp_6_189_reg_13969                |   32|   0|   32|          0|
    |tmp_6_18_reg_12259                 |   32|   0|   32|          0|
    |tmp_6_190_reg_13974                |   32|   0|   32|          0|
    |tmp_6_191_reg_13989                |   32|   0|   32|          0|
    |tmp_6_192_reg_13994                |   32|   0|   32|          0|
    |tmp_6_193_reg_14009                |   32|   0|   32|          0|
    |tmp_6_194_reg_14014                |   32|   0|   32|          0|
    |tmp_6_195_reg_14029                |   32|   0|   32|          0|
    |tmp_6_196_reg_14034                |   32|   0|   32|          0|
    |tmp_6_197_reg_14049                |   32|   0|   32|          0|
    |tmp_6_198_reg_14054                |   32|   0|   32|          0|
    |tmp_6_199_reg_14069                |   32|   0|   32|          0|
    |tmp_6_19_reg_12274                 |   32|   0|   32|          0|
    |tmp_6_200_reg_14074                |   32|   0|   32|          0|
    |tmp_6_201_reg_14089                |   32|   0|   32|          0|
    |tmp_6_202_reg_14094                |   32|   0|   32|          0|
    |tmp_6_203_reg_14109                |   32|   0|   32|          0|
    |tmp_6_204_reg_14114                |   32|   0|   32|          0|
    |tmp_6_205_reg_14129                |   32|   0|   32|          0|
    |tmp_6_206_reg_14134                |   32|   0|   32|          0|
    |tmp_6_207_reg_14149                |   32|   0|   32|          0|
    |tmp_6_208_reg_14154                |   32|   0|   32|          0|
    |tmp_6_209_reg_14169                |   32|   0|   32|          0|
    |tmp_6_210_reg_14174                |   32|   0|   32|          0|
    |tmp_6_211_reg_14189                |   32|   0|   32|          0|
    |tmp_6_212_reg_14194                |   32|   0|   32|          0|
    |tmp_6_213_reg_14209                |   32|   0|   32|          0|
    |tmp_6_214_reg_14214                |   32|   0|   32|          0|
    |tmp_6_215_reg_14229                |   32|   0|   32|          0|
    |tmp_6_216_reg_14234                |   32|   0|   32|          0|
    |tmp_6_217_reg_14249                |   32|   0|   32|          0|
    |tmp_6_218_reg_14254                |   32|   0|   32|          0|
    |tmp_6_219_reg_14269                |   32|   0|   32|          0|
    |tmp_6_21_reg_12289                 |   32|   0|   32|          0|
    |tmp_6_220_reg_14274                |   32|   0|   32|          0|
    |tmp_6_221_reg_14289                |   32|   0|   32|          0|
    |tmp_6_222_reg_14294                |   32|   0|   32|          0|
    |tmp_6_223_reg_14309                |   32|   0|   32|          0|
    |tmp_6_224_reg_14314                |   32|   0|   32|          0|
    |tmp_6_225_reg_14329                |   32|   0|   32|          0|
    |tmp_6_226_reg_14334                |   32|   0|   32|          0|
    |tmp_6_227_reg_14349                |   32|   0|   32|          0|
    |tmp_6_228_reg_14354                |   32|   0|   32|          0|
    |tmp_6_229_reg_14369                |   32|   0|   32|          0|
    |tmp_6_22_reg_12294                 |   32|   0|   32|          0|
    |tmp_6_230_reg_14374                |   32|   0|   32|          0|
    |tmp_6_231_reg_14389                |   32|   0|   32|          0|
    |tmp_6_232_reg_14394                |   32|   0|   32|          0|
    |tmp_6_233_reg_14409                |   32|   0|   32|          0|
    |tmp_6_234_reg_14414                |   32|   0|   32|          0|
    |tmp_6_235_reg_14429                |   32|   0|   32|          0|
    |tmp_6_236_reg_14434                |   32|   0|   32|          0|
    |tmp_6_237_reg_14449                |   32|   0|   32|          0|
    |tmp_6_238_reg_14454                |   32|   0|   32|          0|
    |tmp_6_239_reg_14469                |   32|   0|   32|          0|
    |tmp_6_23_reg_12309                 |   32|   0|   32|          0|
    |tmp_6_240_reg_14474                |   32|   0|   32|          0|
    |tmp_6_241_reg_14489                |   32|   0|   32|          0|
    |tmp_6_242_reg_14494                |   32|   0|   32|          0|
    |tmp_6_243_reg_14509                |   32|   0|   32|          0|
    |tmp_6_244_reg_14514                |   32|   0|   32|          0|
    |tmp_6_245_reg_14519                |   32|   0|   32|          0|
    |tmp_6_246_reg_14524                |   32|   0|   32|          0|
    |tmp_6_247_reg_14529                |   32|   0|   32|          0|
    |tmp_6_248_reg_14534                |   32|   0|   32|          0|
    |tmp_6_249_reg_14539                |   32|   0|   32|          0|
    |tmp_6_24_reg_12314                 |   32|   0|   32|          0|
    |tmp_6_250_reg_14544                |   32|   0|   32|          0|
    |tmp_6_251_reg_14549                |   32|   0|   32|          0|
    |tmp_6_252_reg_14554                |   32|   0|   32|          0|
    |tmp_6_253_reg_14559                |   32|   0|   32|          0|
    |tmp_6_254_reg_14564                |   32|   0|   32|          0|
    |tmp_6_25_reg_12329                 |   32|   0|   32|          0|
    |tmp_6_26_reg_12334                 |   32|   0|   32|          0|
    |tmp_6_27_reg_12349                 |   32|   0|   32|          0|
    |tmp_6_28_reg_12354                 |   32|   0|   32|          0|
    |tmp_6_28_reg_12354_pp2_iter1_reg   |   32|   0|   32|          0|
    |tmp_6_29_reg_12369                 |   32|   0|   32|          0|
    |tmp_6_29_reg_12369_pp2_iter1_reg   |   32|   0|   32|          0|
    |tmp_6_2_reg_12099                  |   32|   0|   32|          0|
    |tmp_6_30_reg_12374                 |   32|   0|   32|          0|
    |tmp_6_30_reg_12374_pp2_iter1_reg   |   32|   0|   32|          0|
    |tmp_6_31_reg_12389                 |   32|   0|   32|          0|
    |tmp_6_31_reg_12389_pp2_iter1_reg   |   32|   0|   32|          0|
    |tmp_6_32_reg_12394                 |   32|   0|   32|          0|
    |tmp_6_32_reg_12394_pp2_iter1_reg   |   32|   0|   32|          0|
    |tmp_6_33_reg_12409                 |   32|   0|   32|          0|
    |tmp_6_33_reg_12409_pp2_iter1_reg   |   32|   0|   32|          0|
    |tmp_6_34_reg_12414                 |   32|   0|   32|          0|
    |tmp_6_34_reg_12414_pp2_iter1_reg   |   32|   0|   32|          0|
    |tmp_6_35_reg_12429                 |   32|   0|   32|          0|
    |tmp_6_35_reg_12429_pp2_iter1_reg   |   32|   0|   32|          0|
    |tmp_6_36_reg_12434                 |   32|   0|   32|          0|
    |tmp_6_36_reg_12434_pp2_iter1_reg   |   32|   0|   32|          0|
    |tmp_6_37_reg_12449                 |   32|   0|   32|          0|
    |tmp_6_37_reg_12449_pp2_iter1_reg   |   32|   0|   32|          0|
    |tmp_6_38_reg_12454                 |   32|   0|   32|          0|
    |tmp_6_38_reg_12454_pp2_iter1_reg   |   32|   0|   32|          0|
    |tmp_6_39_reg_12469                 |   32|   0|   32|          0|
    |tmp_6_39_reg_12469_pp2_iter1_reg   |   32|   0|   32|          0|
    |tmp_6_3_reg_12104                  |   32|   0|   32|          0|
    |tmp_6_40_reg_12474                 |   32|   0|   32|          0|
    |tmp_6_40_reg_12474_pp2_iter1_reg   |   32|   0|   32|          0|
    |tmp_6_41_reg_12489                 |   32|   0|   32|          0|
    |tmp_6_41_reg_12489_pp2_iter1_reg   |   32|   0|   32|          0|
    |tmp_6_42_reg_12494                 |   32|   0|   32|          0|
    |tmp_6_42_reg_12494_pp2_iter1_reg   |   32|   0|   32|          0|
    |tmp_6_43_reg_12509                 |   32|   0|   32|          0|
    |tmp_6_43_reg_12509_pp2_iter1_reg   |   32|   0|   32|          0|
    |tmp_6_44_reg_12514                 |   32|   0|   32|          0|
    |tmp_6_44_reg_12514_pp2_iter1_reg   |   32|   0|   32|          0|
    |tmp_6_45_reg_12529                 |   32|   0|   32|          0|
    |tmp_6_45_reg_12529_pp2_iter1_reg   |   32|   0|   32|          0|
    |tmp_6_46_reg_12534                 |   32|   0|   32|          0|
    |tmp_6_46_reg_12534_pp2_iter1_reg   |   32|   0|   32|          0|
    |tmp_6_47_reg_12549                 |   32|   0|   32|          0|
    |tmp_6_47_reg_12549_pp2_iter1_reg   |   32|   0|   32|          0|
    |tmp_6_48_reg_12554                 |   32|   0|   32|          0|
    |tmp_6_48_reg_12554_pp2_iter1_reg   |   32|   0|   32|          0|
    |tmp_6_49_reg_12569                 |   32|   0|   32|          0|
    |tmp_6_49_reg_12569_pp2_iter1_reg   |   32|   0|   32|          0|
    |tmp_6_4_reg_12119                  |   32|   0|   32|          0|
    |tmp_6_50_reg_12574                 |   32|   0|   32|          0|
    |tmp_6_50_reg_12574_pp2_iter1_reg   |   32|   0|   32|          0|
    |tmp_6_51_reg_12589                 |   32|   0|   32|          0|
    |tmp_6_51_reg_12589_pp2_iter1_reg   |   32|   0|   32|          0|
    |tmp_6_52_reg_12594                 |   32|   0|   32|          0|
    |tmp_6_52_reg_12594_pp2_iter1_reg   |   32|   0|   32|          0|
    |tmp_6_53_reg_12609                 |   32|   0|   32|          0|
    |tmp_6_53_reg_12609_pp2_iter1_reg   |   32|   0|   32|          0|
    |tmp_6_54_reg_12614                 |   32|   0|   32|          0|
    |tmp_6_54_reg_12614_pp2_iter1_reg   |   32|   0|   32|          0|
    |tmp_6_55_reg_12629                 |   32|   0|   32|          0|
    |tmp_6_56_reg_12634                 |   32|   0|   32|          0|
    |tmp_6_57_reg_12649                 |   32|   0|   32|          0|
    |tmp_6_58_reg_12654                 |   32|   0|   32|          0|
    |tmp_6_59_reg_12669                 |   32|   0|   32|          0|
    |tmp_6_5_reg_12124                  |   32|   0|   32|          0|
    |tmp_6_60_reg_12674                 |   32|   0|   32|          0|
    |tmp_6_61_reg_12689                 |   32|   0|   32|          0|
    |tmp_6_62_reg_12694                 |   32|   0|   32|          0|
    |tmp_6_63_reg_12709                 |   32|   0|   32|          0|
    |tmp_6_64_reg_12714                 |   32|   0|   32|          0|
    |tmp_6_65_reg_12729                 |   32|   0|   32|          0|
    |tmp_6_66_reg_12734                 |   32|   0|   32|          0|
    |tmp_6_67_reg_12749                 |   32|   0|   32|          0|
    |tmp_6_68_reg_12754                 |   32|   0|   32|          0|
    |tmp_6_69_reg_12769                 |   32|   0|   32|          0|
    |tmp_6_6_reg_12139                  |   32|   0|   32|          0|
    |tmp_6_70_reg_12774                 |   32|   0|   32|          0|
    |tmp_6_71_reg_12789                 |   32|   0|   32|          0|
    |tmp_6_72_reg_12794                 |   32|   0|   32|          0|
    |tmp_6_73_reg_12809                 |   32|   0|   32|          0|
    |tmp_6_74_reg_12814                 |   32|   0|   32|          0|
    |tmp_6_75_reg_12829                 |   32|   0|   32|          0|
    |tmp_6_76_reg_12834                 |   32|   0|   32|          0|
    |tmp_6_77_reg_12849                 |   32|   0|   32|          0|
    |tmp_6_78_reg_12854                 |   32|   0|   32|          0|
    |tmp_6_79_reg_12869                 |   32|   0|   32|          0|
    |tmp_6_7_reg_12144                  |   32|   0|   32|          0|
    |tmp_6_80_reg_12874                 |   32|   0|   32|          0|
    |tmp_6_81_reg_12889                 |   32|   0|   32|          0|
    |tmp_6_82_reg_12894                 |   32|   0|   32|          0|
    |tmp_6_83_reg_12909                 |   32|   0|   32|          0|
    |tmp_6_84_reg_12914                 |   32|   0|   32|          0|
    |tmp_6_85_reg_12929                 |   32|   0|   32|          0|
    |tmp_6_86_reg_12934                 |   32|   0|   32|          0|
    |tmp_6_87_reg_12949                 |   32|   0|   32|          0|
    |tmp_6_88_reg_12954                 |   32|   0|   32|          0|
    |tmp_6_89_reg_12969                 |   32|   0|   32|          0|
    |tmp_6_8_reg_12159                  |   32|   0|   32|          0|
    |tmp_6_90_reg_12974                 |   32|   0|   32|          0|
    |tmp_6_91_reg_12989                 |   32|   0|   32|          0|
    |tmp_6_92_reg_12994                 |   32|   0|   32|          0|
    |tmp_6_93_reg_13009                 |   32|   0|   32|          0|
    |tmp_6_94_reg_13014                 |   32|   0|   32|          0|
    |tmp_6_95_reg_13029                 |   32|   0|   32|          0|
    |tmp_6_96_reg_13034                 |   32|   0|   32|          0|
    |tmp_6_97_reg_13049                 |   32|   0|   32|          0|
    |tmp_6_98_reg_13054                 |   32|   0|   32|          0|
    |tmp_6_99_reg_13069                 |   32|   0|   32|          0|
    |tmp_6_9_reg_12164                  |   32|   0|   32|          0|
    |icmp_ln67_reg_11742                |   64|  32|    1|          0|
    |mem_addr_1_reg_12019               |   64|  32|    4|          0|
    |spike_count_addr_3_reg_12024       |   64|  32|    4|          0|
    |tmp_2_reg_12074                    |   64|  32|   32|          0|
    |tmp_6_100_reg_13074                |   64|  32|   32|          0|
    |tmp_6_101_reg_13089                |   64|  32|   32|          0|
    |tmp_6_102_reg_13094                |   64|  32|   32|          0|
    |tmp_6_103_reg_13109                |   64|  32|   32|          0|
    |tmp_6_104_reg_13114                |   64|  32|   32|          0|
    |tmp_6_105_reg_13129                |   64|  32|   32|          0|
    |tmp_6_106_reg_13134                |   64|  32|   32|          0|
    |tmp_6_107_reg_13149                |   64|  32|   32|          0|
    |tmp_6_108_reg_13154                |   64|  32|   32|          0|
    |tmp_6_109_reg_13169                |   64|  32|   32|          0|
    |tmp_6_110_reg_13174                |   64|  32|   32|          0|
    |tmp_6_111_reg_13189                |   64|  32|   32|          0|
    |tmp_6_112_reg_13194                |   64|  32|   32|          0|
    |tmp_6_113_reg_13209                |   64|  32|   32|          0|
    |tmp_6_114_reg_13214                |   64|  32|   32|          0|
    |tmp_6_115_reg_13229                |   64|  32|   32|          0|
    |tmp_6_116_reg_13234                |   64|  32|   32|          0|
    |tmp_6_117_reg_13249                |   64|  32|   32|          0|
    |tmp_6_118_reg_13254                |   64|  32|   32|          0|
    |tmp_6_119_reg_13269                |   64|  32|   32|          0|
    |tmp_6_120_reg_13274                |   64|  32|   32|          0|
    |tmp_6_121_reg_13289                |   64|  32|   32|          0|
    |tmp_6_122_reg_13294                |   64|  32|   32|          0|
    |tmp_6_123_reg_13309                |   64|  32|   32|          0|
    |tmp_6_124_reg_13314                |   64|  32|   32|          0|
    |tmp_6_125_reg_13329                |   64|  32|   32|          0|
    |tmp_6_126_reg_13334                |   64|  32|   32|          0|
    |tmp_6_127_reg_13349                |   64|  32|   32|          0|
    |tmp_6_128_reg_13354                |   64|  32|   32|          0|
    |tmp_6_129_reg_13369                |   64|  32|   32|          0|
    |tmp_6_130_reg_13374                |   64|  32|   32|          0|
    |tmp_6_131_reg_13389                |   64|  32|   32|          0|
    |tmp_6_132_reg_13394                |   64|  32|   32|          0|
    |tmp_6_133_reg_13409                |   64|  32|   32|          0|
    |tmp_6_134_reg_13414                |   64|  32|   32|          0|
    |tmp_6_135_reg_13429                |   64|  32|   32|          0|
    |tmp_6_136_reg_13434                |   64|  32|   32|          0|
    |tmp_6_137_reg_13449                |   64|  32|   32|          0|
    |tmp_6_138_reg_13454                |   64|  32|   32|          0|
    |tmp_6_139_reg_13469                |   64|  32|   32|          0|
    |tmp_6_140_reg_13474                |   64|  32|   32|          0|
    |tmp_6_141_reg_13489                |   64|  32|   32|          0|
    |tmp_6_142_reg_13494                |   64|  32|   32|          0|
    |tmp_6_143_reg_13509                |   64|  32|   32|          0|
    |tmp_6_144_reg_13514                |   64|  32|   32|          0|
    |tmp_6_145_reg_13529                |   64|  32|   32|          0|
    |tmp_6_146_reg_13534                |   64|  32|   32|          0|
    |tmp_6_147_reg_13549                |   64|  32|   32|          0|
    |tmp_6_148_reg_13554                |   64|  32|   32|          0|
    |tmp_6_149_reg_13569                |   64|  32|   32|          0|
    |tmp_6_150_reg_13574                |   64|  32|   32|          0|
    |tmp_6_151_reg_13589                |   64|  32|   32|          0|
    |tmp_6_152_reg_13594                |   64|  32|   32|          0|
    |tmp_6_153_reg_13609                |   64|  32|   32|          0|
    |tmp_6_154_reg_13614                |   64|  32|   32|          0|
    |tmp_6_155_reg_13629                |   64|  32|   32|          0|
    |tmp_6_156_reg_13634                |   64|  32|   32|          0|
    |tmp_6_157_reg_13649                |   64|  32|   32|          0|
    |tmp_6_158_reg_13654                |   64|  32|   32|          0|
    |tmp_6_159_reg_13669                |   64|  32|   32|          0|
    |tmp_6_160_reg_13674                |   64|  32|   32|          0|
    |tmp_6_161_reg_13689                |   64|  32|   32|          0|
    |tmp_6_162_reg_13694                |   64|  32|   32|          0|
    |tmp_6_163_reg_13709                |   64|  32|   32|          0|
    |tmp_6_164_reg_13714                |   64|  32|   32|          0|
    |tmp_6_165_reg_13729                |   64|  32|   32|          0|
    |tmp_6_166_reg_13734                |   64|  32|   32|          0|
    |tmp_6_167_reg_13749                |   64|  32|   32|          0|
    |tmp_6_168_reg_13754                |   64|  32|   32|          0|
    |tmp_6_169_reg_13769                |   64|  32|   32|          0|
    |tmp_6_170_reg_13774                |   64|  32|   32|          0|
    |tmp_6_171_reg_13789                |   64|  32|   32|          0|
    |tmp_6_172_reg_13794                |   64|  32|   32|          0|
    |tmp_6_173_reg_13809                |   64|  32|   32|          0|
    |tmp_6_174_reg_13814                |   64|  32|   32|          0|
    |tmp_6_175_reg_13829                |   64|  32|   32|          0|
    |tmp_6_176_reg_13834                |   64|  32|   32|          0|
    |tmp_6_177_reg_13849                |   64|  32|   32|          0|
    |tmp_6_178_reg_13854                |   64|  32|   32|          0|
    |tmp_6_179_reg_13869                |   64|  32|   32|          0|
    |tmp_6_180_reg_13874                |   64|  32|   32|          0|
    |tmp_6_181_reg_13889                |   64|  32|   32|          0|
    |tmp_6_182_reg_13894                |   64|  32|   32|          0|
    |tmp_6_183_reg_13909                |   64|  32|   32|          0|
    |tmp_6_184_reg_13914                |   64|  32|   32|          0|
    |tmp_6_185_reg_13929                |   64|  32|   32|          0|
    |tmp_6_186_reg_13934                |   64|  32|   32|          0|
    |tmp_6_187_reg_13949                |   64|  32|   32|          0|
    |tmp_6_188_reg_13954                |   64|  32|   32|          0|
    |tmp_6_189_reg_13969                |   64|  32|   32|          0|
    |tmp_6_190_reg_13974                |   64|  32|   32|          0|
    |tmp_6_191_reg_13989                |   64|  32|   32|          0|
    |tmp_6_192_reg_13994                |   64|  32|   32|          0|
    |tmp_6_193_reg_14009                |   64|  32|   32|          0|
    |tmp_6_194_reg_14014                |   64|  32|   32|          0|
    |tmp_6_195_reg_14029                |   64|  32|   32|          0|
    |tmp_6_196_reg_14034                |   64|  32|   32|          0|
    |tmp_6_197_reg_14049                |   64|  32|   32|          0|
    |tmp_6_198_reg_14054                |   64|  32|   32|          0|
    |tmp_6_199_reg_14069                |   64|  32|   32|          0|
    |tmp_6_200_reg_14074                |   64|  32|   32|          0|
    |tmp_6_201_reg_14089                |   64|  32|   32|          0|
    |tmp_6_202_reg_14094                |   64|  32|   32|          0|
    |tmp_6_203_reg_14109                |   64|  32|   32|          0|
    |tmp_6_204_reg_14114                |   64|  32|   32|          0|
    |tmp_6_205_reg_14129                |   64|  32|   32|          0|
    |tmp_6_206_reg_14134                |   64|  32|   32|          0|
    |tmp_6_207_reg_14149                |   64|  32|   32|          0|
    |tmp_6_208_reg_14154                |   64|  32|   32|          0|
    |tmp_6_209_reg_14169                |   64|  32|   32|          0|
    |tmp_6_210_reg_14174                |   64|  32|   32|          0|
    |tmp_6_211_reg_14189                |   64|  32|   32|          0|
    |tmp_6_212_reg_14194                |   64|  32|   32|          0|
    |tmp_6_213_reg_14209                |   64|  32|   32|          0|
    |tmp_6_214_reg_14214                |   64|  32|   32|          0|
    |tmp_6_215_reg_14229                |   64|  32|   32|          0|
    |tmp_6_216_reg_14234                |   64|  32|   32|          0|
    |tmp_6_217_reg_14249                |   64|  32|   32|          0|
    |tmp_6_218_reg_14254                |   64|  32|   32|          0|
    |tmp_6_219_reg_14269                |   64|  32|   32|          0|
    |tmp_6_220_reg_14274                |   64|  32|   32|          0|
    |tmp_6_221_reg_14289                |   64|  32|   32|          0|
    |tmp_6_222_reg_14294                |   64|  32|   32|          0|
    |tmp_6_223_reg_14309                |   64|  32|   32|          0|
    |tmp_6_224_reg_14314                |   64|  32|   32|          0|
    |tmp_6_225_reg_14329                |   64|  32|   32|          0|
    |tmp_6_226_reg_14334                |   64|  32|   32|          0|
    |tmp_6_227_reg_14349                |   64|  32|   32|          0|
    |tmp_6_228_reg_14354                |   64|  32|   32|          0|
    |tmp_6_229_reg_14369                |   64|  32|   32|          0|
    |tmp_6_230_reg_14374                |   64|  32|   32|          0|
    |tmp_6_231_reg_14389                |   64|  32|   32|          0|
    |tmp_6_232_reg_14394                |   64|  32|   32|          0|
    |tmp_6_233_reg_14409                |   64|  32|   32|          0|
    |tmp_6_234_reg_14414                |   64|  32|   32|          0|
    |tmp_6_235_reg_14429                |   64|  32|   32|          0|
    |tmp_6_236_reg_14434                |   64|  32|   32|          0|
    |tmp_6_237_reg_14449                |   64|  32|   32|          0|
    |tmp_6_238_reg_14454                |   64|  32|   32|          0|
    |tmp_6_239_reg_14469                |   64|  32|   32|          0|
    |tmp_6_240_reg_14474                |   64|  32|   32|          0|
    |tmp_6_241_reg_14489                |   64|  32|   32|          0|
    |tmp_6_242_reg_14494                |   64|  32|   32|          0|
    |tmp_6_243_reg_14509                |   64|  32|   32|          0|
    |tmp_6_244_reg_14514                |   64|  32|   32|          0|
    |tmp_6_245_reg_14519                |   64|  32|   32|          0|
    |tmp_6_246_reg_14524                |   64|  32|   32|          0|
    |tmp_6_247_reg_14529                |   64|  32|   32|          0|
    |tmp_6_248_reg_14534                |   64|  32|   32|          0|
    |tmp_6_249_reg_14539                |   64|  32|   32|          0|
    |tmp_6_250_reg_14544                |   64|  32|   32|          0|
    |tmp_6_251_reg_14549                |   64|  32|   32|          0|
    |tmp_6_252_reg_14554                |   64|  32|   32|          0|
    |tmp_6_253_reg_14559                |   64|  32|   32|          0|
    |tmp_6_254_reg_14564                |   64|  32|   32|          0|
    |tmp_6_55_reg_12629                 |   64|  32|   32|          0|
    |tmp_6_56_reg_12634                 |   64|  32|   32|          0|
    |tmp_6_57_reg_12649                 |   64|  32|   32|          0|
    |tmp_6_58_reg_12654                 |   64|  32|   32|          0|
    |tmp_6_59_reg_12669                 |   64|  32|   32|          0|
    |tmp_6_60_reg_12674                 |   64|  32|   32|          0|
    |tmp_6_61_reg_12689                 |   64|  32|   32|          0|
    |tmp_6_62_reg_12694                 |   64|  32|   32|          0|
    |tmp_6_63_reg_12709                 |   64|  32|   32|          0|
    |tmp_6_64_reg_12714                 |   64|  32|   32|          0|
    |tmp_6_65_reg_12729                 |   64|  32|   32|          0|
    |tmp_6_66_reg_12734                 |   64|  32|   32|          0|
    |tmp_6_67_reg_12749                 |   64|  32|   32|          0|
    |tmp_6_68_reg_12754                 |   64|  32|   32|          0|
    |tmp_6_69_reg_12769                 |   64|  32|   32|          0|
    |tmp_6_70_reg_12774                 |   64|  32|   32|          0|
    |tmp_6_71_reg_12789                 |   64|  32|   32|          0|
    |tmp_6_72_reg_12794                 |   64|  32|   32|          0|
    |tmp_6_73_reg_12809                 |   64|  32|   32|          0|
    |tmp_6_74_reg_12814                 |   64|  32|   32|          0|
    |tmp_6_75_reg_12829                 |   64|  32|   32|          0|
    |tmp_6_76_reg_12834                 |   64|  32|   32|          0|
    |tmp_6_77_reg_12849                 |   64|  32|   32|          0|
    |tmp_6_78_reg_12854                 |   64|  32|   32|          0|
    |tmp_6_79_reg_12869                 |   64|  32|   32|          0|
    |tmp_6_80_reg_12874                 |   64|  32|   32|          0|
    |tmp_6_81_reg_12889                 |   64|  32|   32|          0|
    |tmp_6_82_reg_12894                 |   64|  32|   32|          0|
    |tmp_6_83_reg_12909                 |   64|  32|   32|          0|
    |tmp_6_84_reg_12914                 |   64|  32|   32|          0|
    |tmp_6_85_reg_12929                 |   64|  32|   32|          0|
    |tmp_6_86_reg_12934                 |   64|  32|   32|          0|
    |tmp_6_87_reg_12949                 |   64|  32|   32|          0|
    |tmp_6_88_reg_12954                 |   64|  32|   32|          0|
    |tmp_6_89_reg_12969                 |   64|  32|   32|          0|
    |tmp_6_90_reg_12974                 |   64|  32|   32|          0|
    |tmp_6_91_reg_12989                 |   64|  32|   32|          0|
    |tmp_6_92_reg_12994                 |   64|  32|   32|          0|
    |tmp_6_93_reg_13009                 |   64|  32|   32|          0|
    |tmp_6_94_reg_13014                 |   64|  32|   32|          0|
    |tmp_6_95_reg_13029                 |   64|  32|   32|          0|
    |tmp_6_96_reg_13034                 |   64|  32|   32|          0|
    |tmp_6_97_reg_13049                 |   64|  32|   32|          0|
    |tmp_6_98_reg_13054                 |   64|  32|   32|          0|
    |tmp_6_99_reg_13069                 |   64|  32|   32|          0|
    +-----------------------------------+-----+----+-----+-----------+
    |Total                              |31413|6528|24806|          8|
    +-----------------------------------+-----+----+-----+-----------+



================================================================
== Interface
================================================================
* Summary: 
+------------------+-----+-----+------------+--------------------+--------------+
|     RTL Ports    | Dir | Bits|  Protocol  |    Source Object   |    C Type    |
+------------------+-----+-----+------------+--------------------+--------------+
|ap_clk            |  in |    1| ap_ctrl_hs |  snn_core_fc_last  | return value |
|ap_rst            |  in |    1| ap_ctrl_hs |  snn_core_fc_last  | return value |
|ap_start          |  in |    1| ap_ctrl_hs |  snn_core_fc_last  | return value |
|ap_done           | out |    1| ap_ctrl_hs |  snn_core_fc_last  | return value |
|ap_idle           | out |    1| ap_ctrl_hs |  snn_core_fc_last  | return value |
|ap_ready          | out |    1| ap_ctrl_hs |  snn_core_fc_last  | return value |
|ap_return         | out |   32| ap_ctrl_hs |  snn_core_fc_last  | return value |
|in_stream_TDATA   |  in |   32|    axis    | in_stream_V_data_V |    pointer   |
|in_stream_TVALID  |  in |    1|    axis    | in_stream_V_data_V |    pointer   |
|in_stream_TREADY  | out |    1|    axis    | in_stream_V_dest_V |    pointer   |
|in_stream_TDEST   |  in |    1|    axis    | in_stream_V_dest_V |    pointer   |
|in_stream_TKEEP   |  in |    4|    axis    | in_stream_V_keep_V |    pointer   |
|in_stream_TSTRB   |  in |    4|    axis    | in_stream_V_strb_V |    pointer   |
|in_stream_TUSER   |  in |    1|    axis    | in_stream_V_user_V |    pointer   |
|in_stream_TLAST   |  in |    1|    axis    | in_stream_V_last_V |    pointer   |
|in_stream_TID     |  in |    1|    axis    |  in_stream_V_id_V  |    pointer   |
+------------------+-----+-----+------------+--------------------+--------------+

